Archive member included to satisfy reference by file (symbol)

/home/trang/ch32x035/tools/MRS_Toolchain_Linux_x64_V1.92/RISC-V_Embedded_GCC/bin/../lib/gcc/riscv-none-embed/8.2.0/rv32imac/ilp32/libgcc.a(_udivdi3.o)
                              build_CH32x035_Sample/xprintf.o (__udivdi3)
/home/trang/ch32x035/tools/MRS_Toolchain_Linux_x64_V1.92/RISC-V_Embedded_GCC/bin/../lib/gcc/riscv-none-embed/8.2.0/rv32imac/ilp32/libgcc.a(_umoddi3.o)
                              build_CH32x035_Sample/xprintf.o (__umoddi3)
/home/trang/ch32x035/tools/MRS_Toolchain_Linux_x64_V1.92/RISC-V_Embedded_GCC/bin/../lib/gcc/riscv-none-embed/8.2.0/rv32imac/ilp32/libgcc.a(adddf3.o)
                              build_CH32x035_Sample/xprintf.o (__adddf3)
/home/trang/ch32x035/tools/MRS_Toolchain_Linux_x64_V1.92/RISC-V_Embedded_GCC/bin/../lib/gcc/riscv-none-embed/8.2.0/rv32imac/ilp32/libgcc.a(divdf3.o)
                              build_CH32x035_Sample/xprintf.o (__divdf3)
/home/trang/ch32x035/tools/MRS_Toolchain_Linux_x64_V1.92/RISC-V_Embedded_GCC/bin/../lib/gcc/riscv-none-embed/8.2.0/rv32imac/ilp32/libgcc.a(eqdf2.o)
                              build_CH32x035_Sample/xprintf.o (__nedf2)
/home/trang/ch32x035/tools/MRS_Toolchain_Linux_x64_V1.92/RISC-V_Embedded_GCC/bin/../lib/gcc/riscv-none-embed/8.2.0/rv32imac/ilp32/libgcc.a(gedf2.o)
                              build_CH32x035_Sample/xprintf.o (__gedf2)
/home/trang/ch32x035/tools/MRS_Toolchain_Linux_x64_V1.92/RISC-V_Embedded_GCC/bin/../lib/gcc/riscv-none-embed/8.2.0/rv32imac/ilp32/libgcc.a(ledf2.o)
                              build_CH32x035_Sample/xprintf.o (__ledf2)
/home/trang/ch32x035/tools/MRS_Toolchain_Linux_x64_V1.92/RISC-V_Embedded_GCC/bin/../lib/gcc/riscv-none-embed/8.2.0/rv32imac/ilp32/libgcc.a(muldf3.o)
                              build_CH32x035_Sample/xprintf.o (__muldf3)
/home/trang/ch32x035/tools/MRS_Toolchain_Linux_x64_V1.92/RISC-V_Embedded_GCC/bin/../lib/gcc/riscv-none-embed/8.2.0/rv32imac/ilp32/libgcc.a(subdf3.o)
                              build_CH32x035_Sample/xprintf.o (__subdf3)
/home/trang/ch32x035/tools/MRS_Toolchain_Linux_x64_V1.92/RISC-V_Embedded_GCC/bin/../lib/gcc/riscv-none-embed/8.2.0/rv32imac/ilp32/libgcc.a(unorddf2.o)
                              build_CH32x035_Sample/xprintf.o (__unorddf2)
/home/trang/ch32x035/tools/MRS_Toolchain_Linux_x64_V1.92/RISC-V_Embedded_GCC/bin/../lib/gcc/riscv-none-embed/8.2.0/rv32imac/ilp32/libgcc.a(fixdfsi.o)
                              build_CH32x035_Sample/xprintf.o (__fixdfsi)
/home/trang/ch32x035/tools/MRS_Toolchain_Linux_x64_V1.92/RISC-V_Embedded_GCC/bin/../lib/gcc/riscv-none-embed/8.2.0/rv32imac/ilp32/libgcc.a(floatsidf.o)
                              build_CH32x035_Sample/xprintf.o (__floatsidf)
/home/trang/ch32x035/tools/MRS_Toolchain_Linux_x64_V1.92/RISC-V_Embedded_GCC/bin/../lib/gcc/riscv-none-embed/8.2.0/rv32imac/ilp32/libgcc.a(_clz.o)
                              /home/trang/ch32x035/tools/MRS_Toolchain_Linux_x64_V1.92/RISC-V_Embedded_GCC/bin/../lib/gcc/riscv-none-embed/8.2.0/rv32imac/ilp32/libgcc.a(_udivdi3.o) (__clz_tab)
/home/trang/ch32x035/tools/MRS_Toolchain_Linux_x64_V1.92/RISC-V_Embedded_GCC/bin/../lib/gcc/riscv-none-embed/8.2.0/rv32imac/ilp32/libgcc.a(_clzsi2.o)
                              /home/trang/ch32x035/tools/MRS_Toolchain_Linux_x64_V1.92/RISC-V_Embedded_GCC/bin/../lib/gcc/riscv-none-embed/8.2.0/rv32imac/ilp32/libgcc.a(adddf3.o) (__clzsi2)
/home/trang/ch32x035/tools/MRS_Toolchain_Linux_x64_V1.92/RISC-V_Embedded_GCC/riscv-none-embed/lib/rv32imac/ilp32/libc.a(lib_a-strlen.o)
                              build_CH32x035_Sample/xprintf.o (strlen)

Allocating common symbols
Common symbol       size              file

xfunc_output        0x4               build_CH32x035_Sample/xprintf.o

Memory Configuration

Name             Origin             Length             Attributes
FLASH            0x0000000000000000 0x000000000000f800 xr
RAM              0x0000000020000000 0x0000000000004000 xrw
*default*        0x0000000000000000 0xffffffffffffffff

Linker script and memory map

LOAD build_CH32x035_Sample/core_riscv.o
LOAD build_CH32x035_Sample/system_ch32x035.o
LOAD build_CH32x035_Sample/ch32x035_adc.o
LOAD build_CH32x035_Sample/ch32x035_awu.o
LOAD build_CH32x035_Sample/ch32x035_dbgmcu.o
LOAD build_CH32x035_Sample/ch32x035_dma.o
LOAD build_CH32x035_Sample/ch32x035_exti.o
LOAD build_CH32x035_Sample/ch32x035_flash.o
LOAD build_CH32x035_Sample/ch32x035_gpio.o
LOAD build_CH32x035_Sample/ch32x035_i2c.o
LOAD build_CH32x035_Sample/ch32x035_iwdg.o
LOAD build_CH32x035_Sample/ch32x035_misc.o
LOAD build_CH32x035_Sample/ch32x035_opa.o
LOAD build_CH32x035_Sample/ch32x035_pwr.o
LOAD build_CH32x035_Sample/ch32x035_rcc.o
LOAD build_CH32x035_Sample/ch32x035_spi.o
LOAD build_CH32x035_Sample/ch32x035_tim.o
LOAD build_CH32x035_Sample/ch32x035_usart.o
LOAD build_CH32x035_Sample/ch32x035_wwdg.o
LOAD build_CH32x035_Sample/xprintf.o
LOAD build_CH32x035_Sample/bsp_cfg.o
LOAD build_CH32x035_Sample/main.o
LOAD build_CH32x035_Sample/startup_ch32x035.o
LOAD /home/trang/ch32x035/tools/MRS_Toolchain_Linux_x64_V1.92/RISC-V_Embedded_GCC/bin/../lib/gcc/riscv-none-embed/8.2.0/rv32imac/ilp32/libgcc.a
                0x0000000000000800                __stack_size = 0x800
                [!provide]                        PROVIDE (_stack_size = __stack_size)

.init           0x0000000000000000        0x4
                0x0000000000000000                _sinit = .
                0x0000000000000000                . = ALIGN (0x4)
 *(SORT_NONE(.init))
 .init          0x0000000000000000        0x4 build_CH32x035_Sample/startup_ch32x035.o
                0x0000000000000000                _start
                0x0000000000000004                . = ALIGN (0x4)
                0x0000000000000004                _einit = .

.vector         0x0000000000000004       0xfc
 *(.vector)
 .vector        0x0000000000000004       0xdc build_CH32x035_Sample/startup_ch32x035.o
                0x0000000000000100                . = ALIGN (0x40)
 *fill*         0x00000000000000e0       0x20 

.text           0x0000000000000100     0xc178
                0x0000000000000100                . = ALIGN (0x4)
 *(.text)
 .text          0x0000000000000100      0x1ec build_CH32x035_Sample/core_riscv.o
                0x0000000000000100                __get_MSTATUS
                0x000000000000011a                __set_MSTATUS
                0x0000000000000134                __get_MISA
                0x000000000000014e                __set_MISA
                0x0000000000000168                __get_MTVEC
                0x0000000000000182                __set_MTVEC
                0x000000000000019c                __get_MSCRATCH
                0x00000000000001b6                __set_MSCRATCH
                0x00000000000001d0                __get_MEPC
                0x00000000000001ea                __set_MEPC
                0x0000000000000204                __get_MCAUSE
                0x000000000000021e                __set_MCAUSE
                0x0000000000000238                __get_MTVAL
                0x0000000000000252                __set_MTVAL
                0x000000000000026c                __get_MVENDORID
                0x0000000000000286                __get_MARCHID
                0x00000000000002a0                __get_MIMPID
                0x00000000000002ba                __get_MHARTID
                0x00000000000002d4                __get_SP
 .text          0x00000000000002ec      0x128 build_CH32x035_Sample/system_ch32x035.o
                0x00000000000002ec                SystemInit
                0x0000000000000336                SystemCoreClockUpdate
 .text          0x0000000000000414      0xd8c build_CH32x035_Sample/ch32x035_adc.o
                0x0000000000000414                ADC_DeInit
                0x000000000000044e                ADC_Init
                0x0000000000000550                ADC_StructInit
                0x0000000000000596                ADC_Cmd
                0x00000000000005d4                ADC_DMACmd
                0x0000000000000612                ADC_ITConfig
                0x000000000000066a                ADC_SoftwareStartConvCmd
                0x00000000000006ae                ADC_GetSoftwareStartConvStatus
                0x00000000000006e2                ADC_DiscModeChannelCountConfig
                0x000000000000073e                ADC_DiscModeCmd
                0x0000000000000784                ADC_RegularChannelConfig
                0x00000000000009cc                ADC_ExternalTrigConvCmd
                0x0000000000000a10                ADC_GetConversionValue
                0x0000000000000a2c                ADC_GetDualModeConversionValue
                0x0000000000000a44                ADC_AutoInjectedConvCmd
                0x0000000000000a82                ADC_InjectedDiscModeCmd
                0x0000000000000ac2                ADC_ExternalTrigInjectedConvConfig
                0x0000000000000b0c                ADC_ExternalTrigInjectedConvCmd
                0x0000000000000b4c                ADC_SoftwareStartInjectedConvCmd
                0x0000000000000b90                ADC_GetSoftwareStartInjectedConvCmdStatus
                0x0000000000000bc4                ADC_InjectedChannelConfig
                0x0000000000000d60                ADC_InjectedSequencerLengthConfig
                0x0000000000000dbe                ADC_SetInjectedOffset
                0x0000000000000e04                ADC_GetInjectedConversionValue
                0x0000000000000e44                ADC_AnalogWatchdogCmd
                0x0000000000000e92                ADC_AnalogWatchdogThresholdsConfig
                0x0000000000000ec6                ADC_AnalogWatchdog1ThresholdsConfig
                0x0000000000000f06                ADC_AnalogWatchdog2ThresholdsConfig
                0x0000000000000f46                ADC_AnalogWatchdog3ThresholdsConfig
                0x0000000000000f86                ADC_AnalogWatchdogSingleChannelConfig
                0x0000000000000fce                ADC_GetFlagStatus
                0x0000000000001008                ADC_ClearFlag
                0x000000000000102e                ADC_GetITStatus
                0x0000000000001098                ADC_ClearITPendingBit
                0x00000000000010d0                ADC_AnalogWatchdogResetCmd
                0x000000000000111a                ADC_AnalogWatchdogScanCmd
                0x0000000000001158                ADC_CLKConfig
 .text          0x00000000000011a0       0xd0 build_CH32x035_Sample/ch32x035_awu.o
                0x00000000000011a0                AutoWakeUpCmd
                0x00000000000011e8                AWU_SetPrescaler
                0x000000000000122a                AWU_SetWindowValue
 .text          0x0000000000001270       0xca build_CH32x035_Sample/ch32x035_dbgmcu.o
                0x0000000000001270                DBGMCU_GetREVID
                0x000000000000128a                DBGMCU_GetDEVID
                0x00000000000012a8                __get_DEBUG_CR
                0x00000000000012c2                __set_DEBUG_CR
                0x00000000000012dc                DBGMCU_Config
                0x0000000000001322                DBGMCU_GetCHIPID
 .text          0x000000000000133a      0x3ec build_CH32x035_Sample/ch32x035_dma.o
                0x000000000000133a                DMA_DeInit
                0x0000000000001494                DMA_Init
                0x000000000000153c                DMA_StructInit
                0x00000000000015a6                DMA_Cmd
                0x00000000000015e6                DMA_ITConfig
                0x0000000000001630                DMA_SetCurrDataCounter
                0x0000000000001652                DMA_GetCurrDataCounter
                0x000000000000166e                DMA_GetFlagStatus
                0x00000000000016ae                DMA_ClearFlag
                0x00000000000016ca                DMA_GetITStatus
                0x000000000000170a                DMA_ClearITPendingBit
 .text          0x0000000000001726      0x2ea build_CH32x035_Sample/ch32x035_exti.o
                0x0000000000001726                EXTI_DeInit
                0x0000000000001774                EXTI_Init
                0x00000000000018e4                EXTI_StructInit
                0x0000000000001916                EXTI_GenerateSWInterrupt
                0x0000000000001942                EXTI_GetFlagStatus
                0x000000000000197a                EXTI_ClearFlag
                0x000000000000199a                EXTI_GetITStatus
                0x00000000000019f0                EXTI_ClearITPendingBit
 .text          0x0000000000001a10      0x9e6 build_CH32x035_Sample/ch32x035_flash.o
                0x0000000000001a10                FLASH_SetLatency
                0x0000000000001a54                FLASH_Unlock
                0x0000000000001a7e                FLASH_Lock
                0x0000000000001a9c                FLASH_ErasePage
                0x0000000000001b12                FLASH_EraseAllPages
                0x0000000000001b7a                FLASH_EraseOptionBytes
                0x0000000000001c04                FLASH_OptionBytePR
                0x0000000000001c6e                FLASH_EnableWriteProtection
                0x0000000000001da4                FLASH_EnableReadOutProtection
                0x0000000000001e3e                FLASH_UserOptionByteConfig
                0x0000000000001f18                FLASH_GetUserOptionByte
                0x0000000000001f2e                FLASH_GetWriteProtectionOptionByte
                0x0000000000001f42                FLASH_GetReadOutProtectionStatus
                0x0000000000001f6e                FLASH_ITConfig
                0x0000000000001fb4                FLASH_GetFlagStatus
                0x000000000000200a                FLASH_ClearFlag
                0x0000000000002026                FLASH_GetStatus
                0x000000000000206e                FLASH_GetBank1Status
                0x00000000000020b6                FLASH_WaitForLastOperation
                0x000000000000210a                FLASH_WaitForLastBank1Operation
                0x000000000000215e                FLASH_Unlock_Fast
                0x00000000000021a4                FLASH_Lock_Fast
                0x00000000000021c2                FLASH_BufReset
                0x0000000000002210                FLASH_BufLoad
                0x0000000000002270                FLASH_ErasePage_Fast
                0x00000000000022cc                FLASH_EraseBlock_32K_Fast
                0x0000000000002336                FLASH_ProgramPage_Fast
                0x0000000000002390                SystemReset_StartMode
 .text          0x00000000000023f6      0xbca build_CH32x035_Sample/ch32x035_gpio.o
                0x00000000000023f6                GPIO_DeInit
                0x000000000000246c                GPIO_AFIODeInit
                0x000000000000248e                GPIO_Init
                0x0000000000002822                GPIO_StructInit
                0x0000000000002850                GPIO_ReadInputDataBit
                0x0000000000002888                GPIO_ReadInputData
                0x00000000000028a8                GPIO_ReadOutputDataBit
                0x00000000000028e0                GPIO_ReadOutputData
                0x0000000000002900                GPIO_SetBits
                0x0000000000002944                GPIO_ResetBits
                0x0000000000002964                GPIO_WriteBit
                0x00000000000029be                GPIO_Write
                0x00000000000029de                GPIO_PinLockConfig
                0x0000000000002a3c                GPIO_PinRemapConfig
                0x0000000000002c18                GPIO_EXTILineConfig
                0x0000000000002cba                GPIO_IPD_Unused
 .text          0x0000000000002fc0      0xcb2 build_CH32x035_Sample/ch32x035_i2c.o
                0x0000000000002fc0                I2C_DeInit
                0x0000000000002ffa                I2C_Init
                0x00000000000031fc                I2C_StructInit
                0x0000000000003248                I2C_Cmd
                0x00000000000032a0                I2C_DMACmd
                0x0000000000003306                I2C_DMALastTransferCmd
                0x0000000000003366                I2C_GenerateSTART
                0x00000000000033c0                I2C_GenerateSTOP
                0x000000000000341a                I2C_AcknowledgeConfig
                0x0000000000003474                I2C_OwnAddress2Config
                0x00000000000034d4                I2C_DualAddressCmd
                0x000000000000352c                I2C_GeneralCallCmd
                0x0000000000003586                I2C_ITConfig
                0x00000000000035f6                I2C_SendData
                0x0000000000003620                I2C_ReceiveData
                0x0000000000003642                I2C_Send7bitAddress
                0x0000000000003692                I2C_ReadRegister
                0x00000000000036d0                I2C_SoftwareResetCmd
                0x0000000000003730                I2C_NACKPositionConfig
                0x000000000000379c                I2C_TransmitPEC
                0x00000000000037fc                I2C_PECPositionConfig
                0x0000000000003868                I2C_CalculatePEC
                0x00000000000038c2                I2C_GetPEC
                0x00000000000038ea                I2C_ARPCmd
                0x0000000000003942                I2C_StretchClockCmd
                0x000000000000399c                I2C_FastModeDutyCycleConfig
                0x0000000000003a02                I2C_CheckEvent
                0x0000000000003a8a                I2C_GetLastEvent
                0x0000000000003aec                I2C_GetFlagStatus
                0x0000000000003b74                I2C_ClearFlag
                0x0000000000003bb8                I2C_GetITStatus
                0x0000000000003c2e                I2C_ClearITPendingBit
 .text          0x0000000000003c72       0xc4 build_CH32x035_Sample/ch32x035_iwdg.o
                0x0000000000003c72                IWDG_WriteAccessCmd
                0x0000000000003c90                IWDG_SetPrescaler
                0x0000000000003cae                IWDG_SetReload
                0x0000000000003ccc                IWDG_ReloadCounter
                0x0000000000003ce6                IWDG_Enable
                0x0000000000003d00                IWDG_GetFlagStatus
 .text          0x0000000000003d36      0x31c build_CH32x035_Sample/ch32x035_misc.o
                0x0000000000003d36                NVIC_PriorityGroupConfig
                0x0000000000003d50                NVIC_Init
 .text          0x0000000000004052      0x622 build_CH32x035_Sample/ch32x035_opa.o
                0x0000000000004052                OPA_Unlock
                0x000000000000407c                OPA_Lock
                0x000000000000409c                OPA_POLL_Unlock
                0x00000000000040c6                OPA_POLL_Lock
                0x00000000000040f2                OPA_CMP_Unlock
                0x000000000000411c                OPA_CMP_Lock
                0x0000000000004154                OPA_Init
                0x0000000000004366                OPA_StructInit
                0x00000000000043e8                OPA_Cmd
                0x0000000000004444                OPA_CMP_Init
                0x0000000000004554                OPA_CMP_StructInit
                0x000000000000458e                OPA_CMP_Cmd
                0x00000000000045f4                OPA_GetFlagStatus
                0x0000000000004636                OPA_ClearFlag
 .text          0x0000000000004674      0x24e build_CH32x035_Sample/ch32x035_pwr.o
                0x0000000000004674                PWR_DeInit
                0x0000000000004696                PWR_PVDLevelConfig
                0x00000000000046da                PWR_EnterSTOPMode
                0x0000000000004806                PWR_EnterSTANDBYMode
                0x0000000000004860                PWR_GetFlagStatus
                0x0000000000004894                PWR_VDD_SupplyVoltage
 .text          0x00000000000048c2      0x40e build_CH32x035_Sample/ch32x035_rcc.o
                0x00000000000048c2                RCC_DeInit
                0x0000000000004906                RCC_AdjustHSICalibrationValue
                0x000000000000494e                RCC_HSICmd
                0x0000000000004986                RCC_HCLKConfig
                0x00000000000049ca                RCC_GetClocksFreq
                0x0000000000004a72                RCC_AHBPeriphClockCmd
                0x0000000000004ab8                RCC_APB2PeriphClockCmd
                0x0000000000004afe                RCC_APB1PeriphClockCmd
                0x0000000000004b44                RCC_AHBPeriphResetCmd
                0x0000000000004b8a                RCC_APB2PeriphResetCmd
                0x0000000000004bd0                RCC_APB1PeriphResetCmd
                0x0000000000004c16                RCC_MCOConfig
                0x0000000000004c38                RCC_GetFlagStatus
                0x0000000000004cb0                RCC_ClearFlag
 .text          0x0000000000004cd0      0x6bc build_CH32x035_Sample/ch32x035_spi.o
                0x0000000000004cd0                SPI_I2S_DeInit
                0x0000000000004cfe                SPI_Init
                0x0000000000004dd2                SPI_StructInit
                0x0000000000004e26                SPI_Cmd
                0x0000000000004e80                SPI_I2S_ITConfig
                0x0000000000004f14                SPI_I2S_DMACmd
                0x0000000000004f84                SPI_I2S_SendData
                0x0000000000004fa8                SPI_I2S_ReceiveData
                0x0000000000004fc6                SPI_NSSInternalSoftwareConfig
                0x000000000000502a                SPI_SSOutputCmd
                0x0000000000005082                SPI_DataSizeConfig
                0x00000000000050e0                SPI_TransmitCRC
                0x0000000000005112                SPI_CalculateCRC
                0x0000000000005172                SPI_GetCRC
                0x00000000000051b6                SPI_GetCRCPolynomial
                0x00000000000051d4                SPI_BiDirectionalLineConfig
                0x000000000000523a                SPI_I2S_GetFlagStatus
                0x0000000000005280                SPI_I2S_ClearFlag
                0x00000000000052ae                SPI_I2S_GetITStatus
                0x000000000000534a                SPI_I2S_ClearITPendingBit
 .text          0x000000000000538c     0x29e6 build_CH32x035_Sample/ch32x035_tim.o
                0x000000000000538c                TIM_DeInit
                0x000000000000540a                TIM_TimeBaseInit
                0x00000000000054f0                TIM_OC1Init
                0x000000000000566c                TIM_OC2Init
                0x000000000000582e                TIM_OC3Init
                0x00000000000059ea                TIM_OC4Init
                0x0000000000005b40                TIM_ICInit
                0x0000000000005c5e                TIM_PWMIConfig
                0x0000000000005d88                TIM_BDTRConfig
                0x0000000000005e0e                TIM_TimeBaseStructInit
                0x0000000000005e4a                TIM_OCStructInit
                0x0000000000005e9c                TIM_ICStructInit
                0x0000000000005ed8                TIM_BDTRStructInit
                0x0000000000005f22                TIM_Cmd
                0x0000000000005f7a                TIM_CtrlPWMOutputs
                0x0000000000005fda                TIM_ITConfig
                0x000000000000604a                TIM_GenerateEvent
                0x000000000000606e                TIM_DMAConfig
                0x00000000000060a6                TIM_DMACmd
                0x0000000000006116                TIM_InternalClockConfig
                0x0000000000006144                TIM_ITRxExternalClockConfig
                0x000000000000618a                TIM_TIxExternalClockConfig
                0x0000000000006218                TIM_ETRClockMode1Config
                0x00000000000062a2                TIM_ETRClockMode2Config
                0x0000000000006302                TIM_ETRConfig
                0x000000000000637e                TIM_PrescalerConfig
                0x00000000000063b6                TIM_CounterModeConfig
                0x0000000000006404                TIM_SelectInputTrigger
                0x0000000000006452                TIM_EncoderInterfaceConfig
                0x000000000000652a                TIM_ForcedOC1Config
                0x0000000000006578                TIM_ForcedOC2Config
                0x00000000000065d0                TIM_ForcedOC3Config
                0x000000000000661e                TIM_ForcedOC4Config
                0x0000000000006676                TIM_ARRPreloadConfig
                0x00000000000066d0                TIM_SelectCOM
                0x0000000000006728                TIM_SelectCCDMA
                0x0000000000006780                TIM_CCPreloadControl
                0x00000000000067d8                TIM_OC1PreloadConfig
                0x0000000000006824                TIM_OC2PreloadConfig
                0x000000000000687e                TIM_OC3PreloadConfig
                0x00000000000068ca                TIM_OC4PreloadConfig
                0x0000000000006924                TIM_OC1FastConfig
                0x0000000000006970                TIM_OC2FastConfig
                0x00000000000069c6                TIM_OC3FastConfig
                0x0000000000006a12                TIM_OC4FastConfig
                0x0000000000006a68                TIM_ClearOC1Ref
                0x0000000000006ab6                TIM_ClearOC2Ref
                0x0000000000006b0e                TIM_ClearOC3Ref
                0x0000000000006b5c                TIM_ClearOC4Ref
                0x0000000000006bb4                TIM_OC1PolarityConfig
                0x0000000000006c00                TIM_OC1NPolarityConfig
                0x0000000000006c4c                TIM_OC2PolarityConfig
                0x0000000000006ca2                TIM_OC2NPolarityConfig
                0x0000000000006cf8                TIM_OC3PolarityConfig
                0x0000000000006d4e                TIM_OC3NPolarityConfig
                0x0000000000006da8                TIM_OC4PolarityConfig
                0x0000000000006e00                TIM_CCxCmd
                0x0000000000006e8a                TIM_CCxNCmd
                0x0000000000006f14                TIM_SelectOCxM
                0x0000000000007018                TIM_UpdateDisableConfig
                0x0000000000007070                TIM_UpdateRequestConfig
                0x00000000000070ca                TIM_SelectHallSensor
                0x0000000000007124                TIM_SelectOnePulseMode
                0x000000000000717a                TIM_SelectOutputTrigger
                0x00000000000071d2                TIM_SelectSlaveMode
                0x0000000000007228                TIM_SelectMasterSlaveMode
                0x0000000000007280                TIM_SetCounter
                0x00000000000072a4                TIM_SetAutoreload
                0x00000000000072c8                TIM_SetCompare1
                0x00000000000072ec                TIM_SetCompare2
                0x0000000000007310                TIM_SetCompare3
                0x0000000000007334                TIM_SetCompare4
                0x0000000000007358                TIM_SetIC1Prescaler
                0x00000000000073ae                TIM_SetIC2Prescaler
                0x0000000000007412                TIM_SetIC3Prescaler
                0x0000000000007468                TIM_SetIC4Prescaler
                0x00000000000074cc                TIM_SetClockDivision
                0x0000000000007524                TIM_GetCapture1
                0x0000000000007542                TIM_GetCapture2
                0x0000000000007560                TIM_GetCapture3
                0x000000000000757e                TIM_GetCapture4
                0x000000000000759c                TIM_GetCounter
                0x00000000000075ba                TIM_GetPrescaler
                0x00000000000075d8                TIM_GetFlagStatus
                0x000000000000761e                TIM_ClearFlag
                0x000000000000764c                TIM_GetITStatus
                0x00000000000076bc                TIM_ClearITPendingBit
                0x0000000000007ba6                TIM_CaptureModeCmd
                0x0000000000007c06                TIM_IndicateCaptureLevelCmd
                0x0000000000007c66                TIM_OC12_SupersedeModeCmd
                0x0000000000007cec                TIM_OC34_SupersedeModeCmd
 .text          0x0000000000007d72      0xb96 build_CH32x035_Sample/ch32x035_usart.o
                0x0000000000007d72                USART_DeInit
                0x0000000000007e1a                USART_Init
                0x0000000000007fe6                USART_StructInit
                0x000000000000802e                USART_ClockInit
                0x00000000000080bc                USART_ClockStructInit
                0x00000000000080ee                USART_Cmd
                0x000000000000814e                USART_ITConfig
                0x0000000000008212                USART_DMACmd
                0x0000000000008282                USART_SetAddress
                0x00000000000082dc                USART_WakeUpConfig
                0x000000000000833a                USART_ReceiverWakeUpCmd
                0x0000000000008392                USART_LINBreakDetectLengthConfig
                0x00000000000083ea                USART_LINCmd
                0x000000000000844a                USART_SendData
                0x0000000000008478                USART_ReceiveData
                0x000000000000849e                USART_SendBreak
                0x00000000000084ce                USART_SetGuardTime
                0x0000000000008530                USART_SetPrescaler
                0x000000000000858c                USART_SmartCardCmd
                0x00000000000085e6                USART_SmartCardNACKCmd
                0x000000000000863e                USART_HalfDuplexCmd
                0x0000000000008696                USART_IrDAConfig
                0x00000000000086ec                USART_IrDACmd
                0x0000000000008744                USART_GetFlagStatus
                0x000000000000878a                USART_ClearFlag
                0x00000000000087b8                USART_GetITStatus
                0x00000000000088ba                USART_ClearITPendingBit
 .text          0x0000000000008908      0x160 build_CH32x035_Sample/ch32x035_wwdg.o
                0x0000000000008908                WWDG_DeInit
                0x0000000000008932                WWDG_SetPrescaler
                0x0000000000008976                WWDG_SetWindowValue
                0x00000000000089c0                WWDG_EnableIT
                0x00000000000089e6                WWDG_SetCounter
                0x0000000000008a0c                WWDG_Enable
                0x0000000000008a36                WWDG_GetFlagStatus
                0x0000000000008a4e                WWDG_ClearFlag
 .text          0x0000000000008a68      0xf1a build_CH32x035_Sample/xprintf.o
                0x0000000000009100                xputc
                0x0000000000009122                xfputc
                0x000000000000917e                xputs
                0x00000000000091a0                xfputs
                0x00000000000098a4                xprintf
                0x00000000000098e8                xfprintf
                0x000000000000992c                xsprintf
 .text          0x0000000000009982       0xee build_CH32x035_Sample/bsp_cfg.o
                0x00000000000099dc                bsp_console_init
 .text          0x0000000000009a70       0xa2 build_CH32x035_Sample/main.o
                0x0000000000009a70                delay_loop(unsigned long)
                0x0000000000009a9c                main
 .text          0x0000000000009b12        0x0 build_CH32x035_Sample/startup_ch32x035.o
 .text          0x0000000000009b12        0x0 /home/trang/ch32x035/tools/MRS_Toolchain_Linux_x64_V1.92/RISC-V_Embedded_GCC/bin/../lib/gcc/riscv-none-embed/8.2.0/rv32imac/ilp32/libgcc.a(_udivdi3.o)
 .text          0x0000000000009b12        0x0 /home/trang/ch32x035/tools/MRS_Toolchain_Linux_x64_V1.92/RISC-V_Embedded_GCC/bin/../lib/gcc/riscv-none-embed/8.2.0/rv32imac/ilp32/libgcc.a(_umoddi3.o)
 .text          0x0000000000009b12        0x0 /home/trang/ch32x035/tools/MRS_Toolchain_Linux_x64_V1.92/RISC-V_Embedded_GCC/bin/../lib/gcc/riscv-none-embed/8.2.0/rv32imac/ilp32/libgcc.a(adddf3.o)
 .text          0x0000000000009b12        0x0 /home/trang/ch32x035/tools/MRS_Toolchain_Linux_x64_V1.92/RISC-V_Embedded_GCC/bin/../lib/gcc/riscv-none-embed/8.2.0/rv32imac/ilp32/libgcc.a(divdf3.o)
 .text          0x0000000000009b12        0x0 /home/trang/ch32x035/tools/MRS_Toolchain_Linux_x64_V1.92/RISC-V_Embedded_GCC/bin/../lib/gcc/riscv-none-embed/8.2.0/rv32imac/ilp32/libgcc.a(eqdf2.o)
 .text          0x0000000000009b12        0x0 /home/trang/ch32x035/tools/MRS_Toolchain_Linux_x64_V1.92/RISC-V_Embedded_GCC/bin/../lib/gcc/riscv-none-embed/8.2.0/rv32imac/ilp32/libgcc.a(gedf2.o)
 .text          0x0000000000009b12        0x0 /home/trang/ch32x035/tools/MRS_Toolchain_Linux_x64_V1.92/RISC-V_Embedded_GCC/bin/../lib/gcc/riscv-none-embed/8.2.0/rv32imac/ilp32/libgcc.a(ledf2.o)
 .text          0x0000000000009b12        0x0 /home/trang/ch32x035/tools/MRS_Toolchain_Linux_x64_V1.92/RISC-V_Embedded_GCC/bin/../lib/gcc/riscv-none-embed/8.2.0/rv32imac/ilp32/libgcc.a(muldf3.o)
 .text          0x0000000000009b12        0x0 /home/trang/ch32x035/tools/MRS_Toolchain_Linux_x64_V1.92/RISC-V_Embedded_GCC/bin/../lib/gcc/riscv-none-embed/8.2.0/rv32imac/ilp32/libgcc.a(subdf3.o)
 .text          0x0000000000009b12        0x0 /home/trang/ch32x035/tools/MRS_Toolchain_Linux_x64_V1.92/RISC-V_Embedded_GCC/bin/../lib/gcc/riscv-none-embed/8.2.0/rv32imac/ilp32/libgcc.a(unorddf2.o)
 .text          0x0000000000009b12        0x0 /home/trang/ch32x035/tools/MRS_Toolchain_Linux_x64_V1.92/RISC-V_Embedded_GCC/bin/../lib/gcc/riscv-none-embed/8.2.0/rv32imac/ilp32/libgcc.a(fixdfsi.o)
 .text          0x0000000000009b12        0x0 /home/trang/ch32x035/tools/MRS_Toolchain_Linux_x64_V1.92/RISC-V_Embedded_GCC/bin/../lib/gcc/riscv-none-embed/8.2.0/rv32imac/ilp32/libgcc.a(floatsidf.o)
 .text          0x0000000000009b12        0x0 /home/trang/ch32x035/tools/MRS_Toolchain_Linux_x64_V1.92/RISC-V_Embedded_GCC/bin/../lib/gcc/riscv-none-embed/8.2.0/rv32imac/ilp32/libgcc.a(_clz.o)
 .text          0x0000000000009b12        0x0 /home/trang/ch32x035/tools/MRS_Toolchain_Linux_x64_V1.92/RISC-V_Embedded_GCC/bin/../lib/gcc/riscv-none-embed/8.2.0/rv32imac/ilp32/libgcc.a(_clzsi2.o)
 .text          0x0000000000009b12        0x0 /home/trang/ch32x035/tools/MRS_Toolchain_Linux_x64_V1.92/RISC-V_Embedded_GCC/riscv-none-embed/lib/rv32imac/ilp32/libc.a(lib_a-strlen.o)
 *(.text.*)
 .text.vector_handler
                0x0000000000009b12       0x5a build_CH32x035_Sample/startup_ch32x035.o
                0x0000000000009b12                NMI_Handler
                0x0000000000009b14                HardFault_Handler
                0x0000000000009b16                Ecall_M_Mode_Handler
                0x0000000000009b18                Ecall_U_Mode_Handler
                0x0000000000009b1a                Break_Point_Handler
                0x0000000000009b1c                SysTick_Handler
                0x0000000000009b1e                SW_Handler
                0x0000000000009b20                WWDG_IRQHandler
                0x0000000000009b22                PVD_IRQHandler
                0x0000000000009b24                FLASH_IRQHandler
                0x0000000000009b26                EXTI7_0_IRQHandler
                0x0000000000009b28                AWU_IRQHandler
                0x0000000000009b2a                DMA1_Channel1_IRQHandler
                0x0000000000009b2c                DMA1_Channel2_IRQHandler
                0x0000000000009b2e                DMA1_Channel3_IRQHandler
                0x0000000000009b30                DMA1_Channel4_IRQHandler
                0x0000000000009b32                DMA1_Channel5_IRQHandler
                0x0000000000009b34                DMA1_Channel6_IRQHandler
                0x0000000000009b36                DMA1_Channel7_IRQHandler
                0x0000000000009b38                ADC1_IRQHandler
                0x0000000000009b3a                I2C1_EV_IRQHandler
                0x0000000000009b3c                I2C1_ER_IRQHandler
                0x0000000000009b3e                USART1_IRQHandler
                0x0000000000009b40                SPI1_IRQHandler
                0x0000000000009b42                TIM1_BRK_IRQHandler
                0x0000000000009b44                TIM1_UP_IRQHandler
                0x0000000000009b46                TIM1_TRG_COM_IRQHandler
                0x0000000000009b48                TIM1_CC_IRQHandler
                0x0000000000009b4a                TIM2_UP_IRQHandler
                0x0000000000009b4c                USART2_IRQHandler
                0x0000000000009b4e                EXTI15_8_IRQHandler
                0x0000000000009b50                EXTI25_16_IRQHandler
                0x0000000000009b52                USART3_IRQHandler
                0x0000000000009b54                USART4_IRQHandler
                0x0000000000009b56                DMA1_Channel8_IRQHandler
                0x0000000000009b58                USBFS_IRQHandler
                0x0000000000009b5a                USBFSWakeUp_IRQHandler
                0x0000000000009b5c                PIOC_IRQHandler
                0x0000000000009b5e                OPA_IRQHandler
                0x0000000000009b60                USBPD_IRQHandler
                0x0000000000009b62                USBPDWakeUp_IRQHandler
                0x0000000000009b64                TIM2_CC_IRQHandler
                0x0000000000009b66                TIM2_TRG_COM_IRQHandler
                0x0000000000009b68                TIM2_BRK_IRQHandler
                0x0000000000009b6a                TIM3_IRQHandler
 .text.handle_reset
                0x0000000000009b6c       0x8a build_CH32x035_Sample/startup_ch32x035.o
                0x0000000000009b6c                handle_reset
 .text.__udivdi3
                0x0000000000009bf6      0x398 /home/trang/ch32x035/tools/MRS_Toolchain_Linux_x64_V1.92/RISC-V_Embedded_GCC/bin/../lib/gcc/riscv-none-embed/8.2.0/rv32imac/ilp32/libgcc.a(_udivdi3.o)
                0x0000000000009bf6                __udivdi3
 .text.__umoddi3
                0x0000000000009f8e      0x38e /home/trang/ch32x035/tools/MRS_Toolchain_Linux_x64_V1.92/RISC-V_Embedded_GCC/bin/../lib/gcc/riscv-none-embed/8.2.0/rv32imac/ilp32/libgcc.a(_umoddi3.o)
                0x0000000000009f8e                __umoddi3
 .text.__adddf3
                0x000000000000a31c      0x730 /home/trang/ch32x035/tools/MRS_Toolchain_Linux_x64_V1.92/RISC-V_Embedded_GCC/bin/../lib/gcc/riscv-none-embed/8.2.0/rv32imac/ilp32/libgcc.a(adddf3.o)
                0x000000000000a31c                __adddf3
 .text.__divdf3
                0x000000000000aa4c      0x5b4 /home/trang/ch32x035/tools/MRS_Toolchain_Linux_x64_V1.92/RISC-V_Embedded_GCC/bin/../lib/gcc/riscv-none-embed/8.2.0/rv32imac/ilp32/libgcc.a(divdf3.o)
                0x000000000000aa4c                __divdf3
 .text.__eqdf2  0x000000000000b000       0x6a /home/trang/ch32x035/tools/MRS_Toolchain_Linux_x64_V1.92/RISC-V_Embedded_GCC/bin/../lib/gcc/riscv-none-embed/8.2.0/rv32imac/ilp32/libgcc.a(eqdf2.o)
                0x000000000000b000                __eqdf2
                0x000000000000b000                __nedf2
 .text.__gedf2  0x000000000000b06a       0xae /home/trang/ch32x035/tools/MRS_Toolchain_Linux_x64_V1.92/RISC-V_Embedded_GCC/bin/../lib/gcc/riscv-none-embed/8.2.0/rv32imac/ilp32/libgcc.a(gedf2.o)
                0x000000000000b06a                __gtdf2
                0x000000000000b06a                __gedf2
 .text.__ledf2  0x000000000000b118       0xb6 /home/trang/ch32x035/tools/MRS_Toolchain_Linux_x64_V1.92/RISC-V_Embedded_GCC/bin/../lib/gcc/riscv-none-embed/8.2.0/rv32imac/ilp32/libgcc.a(ledf2.o)
                0x000000000000b118                __ltdf2
                0x000000000000b118                __ledf2
 .text.__muldf3
                0x000000000000b1ce      0x4b8 /home/trang/ch32x035/tools/MRS_Toolchain_Linux_x64_V1.92/RISC-V_Embedded_GCC/bin/../lib/gcc/riscv-none-embed/8.2.0/rv32imac/ilp32/libgcc.a(muldf3.o)
                0x000000000000b1ce                __muldf3
 .text.__subdf3
                0x000000000000b686      0x73a /home/trang/ch32x035/tools/MRS_Toolchain_Linux_x64_V1.92/RISC-V_Embedded_GCC/bin/../lib/gcc/riscv-none-embed/8.2.0/rv32imac/ilp32/libgcc.a(subdf3.o)
                0x000000000000b686                __subdf3
 .text.__unorddf2
                0x000000000000bdc0       0x3c /home/trang/ch32x035/tools/MRS_Toolchain_Linux_x64_V1.92/RISC-V_Embedded_GCC/bin/../lib/gcc/riscv-none-embed/8.2.0/rv32imac/ilp32/libgcc.a(unorddf2.o)
                0x000000000000bdc0                __unorddf2
 .text.__fixdfsi
                0x000000000000bdfc       0x68 /home/trang/ch32x035/tools/MRS_Toolchain_Linux_x64_V1.92/RISC-V_Embedded_GCC/bin/../lib/gcc/riscv-none-embed/8.2.0/rv32imac/ilp32/libgcc.a(fixdfsi.o)
                0x000000000000bdfc                __fixdfsi
 .text.__floatsidf
                0x000000000000be64       0x70 /home/trang/ch32x035/tools/MRS_Toolchain_Linux_x64_V1.92/RISC-V_Embedded_GCC/bin/../lib/gcc/riscv-none-embed/8.2.0/rv32imac/ilp32/libgcc.a(floatsidf.o)
                0x000000000000be64                __floatsidf
 .text.__clzsi2
                0x000000000000bed4       0x76 /home/trang/ch32x035/tools/MRS_Toolchain_Linux_x64_V1.92/RISC-V_Embedded_GCC/bin/../lib/gcc/riscv-none-embed/8.2.0/rv32imac/ilp32/libgcc.a(_clzsi2.o)
                0x000000000000bed4                __clzsi2
 .text.strlen   0x000000000000bf4a       0x66 /home/trang/ch32x035/tools/MRS_Toolchain_Linux_x64_V1.92/RISC-V_Embedded_GCC/riscv-none-embed/lib/rv32imac/ilp32/libc.a(lib_a-strlen.o)
                0x000000000000bf4a                strlen
 *(.rodata)
 *fill*         0x000000000000bfb0        0x0 
 .rodata        0x000000000000bfb0      0x110 build_CH32x035_Sample/xprintf.o
 .rodata        0x000000000000c0c0       0x35 build_CH32x035_Sample/main.o
 *(.rodata*)
 *fill*         0x000000000000c0f5        0x3 
 .rodata.__divdf3
                0x000000000000c0f8       0x40 /home/trang/ch32x035/tools/MRS_Toolchain_Linux_x64_V1.92/RISC-V_Embedded_GCC/bin/../lib/gcc/riscv-none-embed/8.2.0/rv32imac/ilp32/libgcc.a(divdf3.o)
 .rodata.__muldf3
                0x000000000000c138       0x40 /home/trang/ch32x035/tools/MRS_Toolchain_Linux_x64_V1.92/RISC-V_Embedded_GCC/bin/../lib/gcc/riscv-none-embed/8.2.0/rv32imac/ilp32/libgcc.a(muldf3.o)
 .rodata.__clz_tab
                0x000000000000c178      0x100 /home/trang/ch32x035/tools/MRS_Toolchain_Linux_x64_V1.92/RISC-V_Embedded_GCC/bin/../lib/gcc/riscv-none-embed/8.2.0/rv32imac/ilp32/libgcc.a(_clz.o)
                0x000000000000c178                __clz_tab
 *(.gnu.linkonce.t.*)
                0x000000000000c278                . = ALIGN (0x4)

.eh_frame       0x000000000000c278       0x3c
 .eh_frame      0x000000000000c278       0x28 /home/trang/ch32x035/tools/MRS_Toolchain_Linux_x64_V1.92/RISC-V_Embedded_GCC/bin/../lib/gcc/riscv-none-embed/8.2.0/rv32imac/ilp32/libgcc.a(_udivdi3.o)
 .eh_frame      0x000000000000c2a0       0x14 /home/trang/ch32x035/tools/MRS_Toolchain_Linux_x64_V1.92/RISC-V_Embedded_GCC/bin/../lib/gcc/riscv-none-embed/8.2.0/rv32imac/ilp32/libgcc.a(_umoddi3.o)
                                         0x28 (size before relaxing)

.rela.dyn       0x000000000000c2b4        0x0
 .rela.text     0x000000000000c2b4        0x0 build_CH32x035_Sample/core_riscv.o
 .rela.init     0x000000000000c2b4        0x0 build_CH32x035_Sample/core_riscv.o
 .rela.vector   0x000000000000c2b4        0x0 build_CH32x035_Sample/core_riscv.o
 .rela.text.handle_reset
                0x000000000000c2b4        0x0 build_CH32x035_Sample/core_riscv.o

.fini           0x000000000000c2b4        0x0
 *(SORT_NONE(.fini))
                0x000000000000c2b4                . = ALIGN (0x4)
                [!provide]                        PROVIDE (_etext = .)
                [!provide]                        PROVIDE (_eitcm = .)

.preinit_array  0x000000000000c2b4        0x0
                [!provide]                        PROVIDE (__preinit_array_start = .)
 *(.preinit_array)
                [!provide]                        PROVIDE (__preinit_array_end = .)

.init_array     0x000000000000c2b4        0x0
                [!provide]                        PROVIDE (__init_array_start = .)
 *(SORT_BY_INIT_PRIORITY(.init_array.*) SORT_BY_INIT_PRIORITY(.ctors.*))
 *(.init_array EXCLUDE_FILE(*crtend?.o *crtend.o *crtbegin?.o *crtbegin.o) .ctors)
                [!provide]                        PROVIDE (__init_array_end = .)

.fini_array     0x000000000000c2b4        0x0
                [!provide]                        PROVIDE (__fini_array_start = .)
 *(SORT_BY_INIT_PRIORITY(.fini_array.*) SORT_BY_INIT_PRIORITY(.dtors.*))
 *(.fini_array EXCLUDE_FILE(*crtend?.o *crtend.o *crtbegin?.o *crtbegin.o) .dtors)
                [!provide]                        PROVIDE (__fini_array_end = .)

.ctors
 *crtbegin.o(.ctors)
 *crtbegin?.o(.ctors)
 *(EXCLUDE_FILE(*crtend?.o *crtend.o) .ctors)
 *(SORT_BY_NAME(.ctors.*))
 *(.ctors)

.dtors
 *crtbegin.o(.dtors)
 *crtbegin?.o(.dtors)
 *(EXCLUDE_FILE(*crtend?.o *crtend.o) .dtors)
 *(SORT_BY_NAME(.dtors.*))
 *(.dtors)

.dalign         0x0000000020000000        0x0 load address 0x000000000000c2b4
                0x0000000020000000                . = ALIGN (0x4)
                0x0000000020000000                PROVIDE (_data_vma = .)

.dlalign        0x000000000000c2b4        0x0
                0x000000000000c2b4                . = ALIGN (0x4)
                0x000000000000c2b4                PROVIDE (_data_lma = .)

.data           0x0000000020000000       0x38 load address 0x000000000000c2b4
 *(.gnu.linkonce.r.*)
 *(.data .data.*)
 .data          0x0000000020000000        0x0 build_CH32x035_Sample/core_riscv.o
 .data          0x0000000020000000       0x10 build_CH32x035_Sample/system_ch32x035.o
                0x0000000020000000                AHBPrescTable
 .data          0x0000000020000010        0x0 build_CH32x035_Sample/ch32x035_adc.o
 .data          0x0000000020000010        0x0 build_CH32x035_Sample/ch32x035_awu.o
 .data          0x0000000020000010        0x0 build_CH32x035_Sample/ch32x035_dbgmcu.o
 .data          0x0000000020000010        0x0 build_CH32x035_Sample/ch32x035_dma.o
 .data          0x0000000020000010        0x0 build_CH32x035_Sample/ch32x035_exti.o
 .data          0x0000000020000010        0x0 build_CH32x035_Sample/ch32x035_flash.o
 .data          0x0000000020000010        0x0 build_CH32x035_Sample/ch32x035_gpio.o
 .data          0x0000000020000010        0x0 build_CH32x035_Sample/ch32x035_i2c.o
 .data          0x0000000020000010        0x0 build_CH32x035_Sample/ch32x035_iwdg.o
 .data          0x0000000020000010        0x0 build_CH32x035_Sample/ch32x035_misc.o
 .data          0x0000000020000010        0x0 build_CH32x035_Sample/ch32x035_opa.o
 .data          0x0000000020000010        0x0 build_CH32x035_Sample/ch32x035_pwr.o
 .data          0x0000000020000010       0x10 build_CH32x035_Sample/ch32x035_rcc.o
 .data          0x0000000020000020        0x0 build_CH32x035_Sample/ch32x035_spi.o
 .data          0x0000000020000020        0x0 build_CH32x035_Sample/ch32x035_tim.o
 .data          0x0000000020000020        0x0 build_CH32x035_Sample/ch32x035_usart.o
 .data          0x0000000020000020        0x0 build_CH32x035_Sample/ch32x035_wwdg.o
 .data          0x0000000020000020        0x0 build_CH32x035_Sample/xprintf.o
 .data          0x0000000020000020        0x0 build_CH32x035_Sample/bsp_cfg.o
 .data          0x0000000020000020        0x0 build_CH32x035_Sample/main.o
 .data          0x0000000020000020        0x0 build_CH32x035_Sample/startup_ch32x035.o
 .data          0x0000000020000020        0x0 /home/trang/ch32x035/tools/MRS_Toolchain_Linux_x64_V1.92/RISC-V_Embedded_GCC/bin/../lib/gcc/riscv-none-embed/8.2.0/rv32imac/ilp32/libgcc.a(_udivdi3.o)
 .data          0x0000000020000020        0x0 /home/trang/ch32x035/tools/MRS_Toolchain_Linux_x64_V1.92/RISC-V_Embedded_GCC/bin/../lib/gcc/riscv-none-embed/8.2.0/rv32imac/ilp32/libgcc.a(_umoddi3.o)
 .data          0x0000000020000020        0x0 /home/trang/ch32x035/tools/MRS_Toolchain_Linux_x64_V1.92/RISC-V_Embedded_GCC/bin/../lib/gcc/riscv-none-embed/8.2.0/rv32imac/ilp32/libgcc.a(adddf3.o)
 .data          0x0000000020000020        0x0 /home/trang/ch32x035/tools/MRS_Toolchain_Linux_x64_V1.92/RISC-V_Embedded_GCC/bin/../lib/gcc/riscv-none-embed/8.2.0/rv32imac/ilp32/libgcc.a(divdf3.o)
 .data          0x0000000020000020        0x0 /home/trang/ch32x035/tools/MRS_Toolchain_Linux_x64_V1.92/RISC-V_Embedded_GCC/bin/../lib/gcc/riscv-none-embed/8.2.0/rv32imac/ilp32/libgcc.a(eqdf2.o)
 .data          0x0000000020000020        0x0 /home/trang/ch32x035/tools/MRS_Toolchain_Linux_x64_V1.92/RISC-V_Embedded_GCC/bin/../lib/gcc/riscv-none-embed/8.2.0/rv32imac/ilp32/libgcc.a(gedf2.o)
 .data          0x0000000020000020        0x0 /home/trang/ch32x035/tools/MRS_Toolchain_Linux_x64_V1.92/RISC-V_Embedded_GCC/bin/../lib/gcc/riscv-none-embed/8.2.0/rv32imac/ilp32/libgcc.a(ledf2.o)
 .data          0x0000000020000020        0x0 /home/trang/ch32x035/tools/MRS_Toolchain_Linux_x64_V1.92/RISC-V_Embedded_GCC/bin/../lib/gcc/riscv-none-embed/8.2.0/rv32imac/ilp32/libgcc.a(muldf3.o)
 .data          0x0000000020000020        0x0 /home/trang/ch32x035/tools/MRS_Toolchain_Linux_x64_V1.92/RISC-V_Embedded_GCC/bin/../lib/gcc/riscv-none-embed/8.2.0/rv32imac/ilp32/libgcc.a(subdf3.o)
 .data          0x0000000020000020        0x0 /home/trang/ch32x035/tools/MRS_Toolchain_Linux_x64_V1.92/RISC-V_Embedded_GCC/bin/../lib/gcc/riscv-none-embed/8.2.0/rv32imac/ilp32/libgcc.a(unorddf2.o)
 .data          0x0000000020000020        0x0 /home/trang/ch32x035/tools/MRS_Toolchain_Linux_x64_V1.92/RISC-V_Embedded_GCC/bin/../lib/gcc/riscv-none-embed/8.2.0/rv32imac/ilp32/libgcc.a(fixdfsi.o)
 .data          0x0000000020000020        0x0 /home/trang/ch32x035/tools/MRS_Toolchain_Linux_x64_V1.92/RISC-V_Embedded_GCC/bin/../lib/gcc/riscv-none-embed/8.2.0/rv32imac/ilp32/libgcc.a(floatsidf.o)
 .data          0x0000000020000020        0x0 /home/trang/ch32x035/tools/MRS_Toolchain_Linux_x64_V1.92/RISC-V_Embedded_GCC/bin/../lib/gcc/riscv-none-embed/8.2.0/rv32imac/ilp32/libgcc.a(_clz.o)
 .data          0x0000000020000020        0x0 /home/trang/ch32x035/tools/MRS_Toolchain_Linux_x64_V1.92/RISC-V_Embedded_GCC/bin/../lib/gcc/riscv-none-embed/8.2.0/rv32imac/ilp32/libgcc.a(_clzsi2.o)
 .data          0x0000000020000020        0x0 /home/trang/ch32x035/tools/MRS_Toolchain_Linux_x64_V1.92/RISC-V_Embedded_GCC/riscv-none-embed/lib/rv32imac/ilp32/libc.a(lib_a-strlen.o)
 *(.gnu.linkonce.d.*)
                0x0000000020000020                . = ALIGN (0x8)
                0x0000000020000820                PROVIDE (__global_pointer$ = (. + 0x800))
 *(.sdata .sdata.*)
 .sdata         0x0000000020000020        0x4 build_CH32x035_Sample/system_ch32x035.o
                0x0000000020000020                SystemCoreClock
 .sdata         0x0000000020000024        0xc build_CH32x035_Sample/ch32x035_gpio.o
                0x0000000020000024                CFGHR_tmpA
                0x0000000020000028                CFGHR_tmpB
                0x000000002000002c                CFGHR_tmpC
 *(.sdata2.*)
 *(.gnu.linkonce.s.*)
                0x0000000020000030                . = ALIGN (0x8)
 *(.srodata.cst16)
 *(.srodata.cst8)
 *(.srodata.cst4)
 *(.srodata.cst2)
 *(.srodata .srodata.*)
 .srodata       0x0000000020000030        0x8 build_CH32x035_Sample/main.o
                0x0000000020000038                . = ALIGN (0x4)
                0x0000000020000038                PROVIDE (_edata = .)

.bss            0x0000000020000038       0x10 load address 0x000000000000c2ec
                0x0000000020000038                . = ALIGN (0x4)
                0x0000000020000038                PROVIDE (_sbss = .)
 *(.sbss*)
 .sbss          0x0000000020000038        0x4 build_CH32x035_Sample/ch32x035_misc.o
                0x0000000020000038                NVIC_Priority_Group
 .sbss          0x000000002000003c        0x4 build_CH32x035_Sample/ch32x035_opa.o
                0x000000002000003c                CTLR2_tmp
 *(.gnu.linkonce.sb.*)
 *(.bss*)
 .bss           0x0000000020000040        0x0 build_CH32x035_Sample/core_riscv.o
 .bss           0x0000000020000040        0x0 build_CH32x035_Sample/system_ch32x035.o
 .bss           0x0000000020000040        0x0 build_CH32x035_Sample/ch32x035_adc.o
 .bss           0x0000000020000040        0x0 build_CH32x035_Sample/ch32x035_awu.o
 .bss           0x0000000020000040        0x0 build_CH32x035_Sample/ch32x035_dbgmcu.o
 .bss           0x0000000020000040        0x0 build_CH32x035_Sample/ch32x035_dma.o
 .bss           0x0000000020000040        0x0 build_CH32x035_Sample/ch32x035_exti.o
 .bss           0x0000000020000040        0x0 build_CH32x035_Sample/ch32x035_flash.o
 .bss           0x0000000020000040        0x0 build_CH32x035_Sample/ch32x035_gpio.o
 .bss           0x0000000020000040        0x0 build_CH32x035_Sample/ch32x035_i2c.o
 .bss           0x0000000020000040        0x0 build_CH32x035_Sample/ch32x035_iwdg.o
 .bss           0x0000000020000040        0x0 build_CH32x035_Sample/ch32x035_misc.o
 .bss           0x0000000020000040        0x0 build_CH32x035_Sample/ch32x035_opa.o
 .bss           0x0000000020000040        0x0 build_CH32x035_Sample/ch32x035_pwr.o
 .bss           0x0000000020000040        0x0 build_CH32x035_Sample/ch32x035_rcc.o
 .bss           0x0000000020000040        0x0 build_CH32x035_Sample/ch32x035_spi.o
 .bss           0x0000000020000040        0x0 build_CH32x035_Sample/ch32x035_tim.o
 .bss           0x0000000020000040        0x0 build_CH32x035_Sample/ch32x035_usart.o
 .bss           0x0000000020000040        0x0 build_CH32x035_Sample/ch32x035_wwdg.o
 .bss           0x0000000020000040        0x4 build_CH32x035_Sample/xprintf.o
 .bss           0x0000000020000044        0x0 build_CH32x035_Sample/bsp_cfg.o
 .bss           0x0000000020000044        0x0 build_CH32x035_Sample/main.o
 .bss           0x0000000020000044        0x0 build_CH32x035_Sample/startup_ch32x035.o
 .bss           0x0000000020000044        0x0 /home/trang/ch32x035/tools/MRS_Toolchain_Linux_x64_V1.92/RISC-V_Embedded_GCC/bin/../lib/gcc/riscv-none-embed/8.2.0/rv32imac/ilp32/libgcc.a(_udivdi3.o)
 .bss           0x0000000020000044        0x0 /home/trang/ch32x035/tools/MRS_Toolchain_Linux_x64_V1.92/RISC-V_Embedded_GCC/bin/../lib/gcc/riscv-none-embed/8.2.0/rv32imac/ilp32/libgcc.a(_umoddi3.o)
 .bss           0x0000000020000044        0x0 /home/trang/ch32x035/tools/MRS_Toolchain_Linux_x64_V1.92/RISC-V_Embedded_GCC/bin/../lib/gcc/riscv-none-embed/8.2.0/rv32imac/ilp32/libgcc.a(adddf3.o)
 .bss           0x0000000020000044        0x0 /home/trang/ch32x035/tools/MRS_Toolchain_Linux_x64_V1.92/RISC-V_Embedded_GCC/bin/../lib/gcc/riscv-none-embed/8.2.0/rv32imac/ilp32/libgcc.a(divdf3.o)
 .bss           0x0000000020000044        0x0 /home/trang/ch32x035/tools/MRS_Toolchain_Linux_x64_V1.92/RISC-V_Embedded_GCC/bin/../lib/gcc/riscv-none-embed/8.2.0/rv32imac/ilp32/libgcc.a(eqdf2.o)
 .bss           0x0000000020000044        0x0 /home/trang/ch32x035/tools/MRS_Toolchain_Linux_x64_V1.92/RISC-V_Embedded_GCC/bin/../lib/gcc/riscv-none-embed/8.2.0/rv32imac/ilp32/libgcc.a(gedf2.o)
 .bss           0x0000000020000044        0x0 /home/trang/ch32x035/tools/MRS_Toolchain_Linux_x64_V1.92/RISC-V_Embedded_GCC/bin/../lib/gcc/riscv-none-embed/8.2.0/rv32imac/ilp32/libgcc.a(ledf2.o)
 .bss           0x0000000020000044        0x0 /home/trang/ch32x035/tools/MRS_Toolchain_Linux_x64_V1.92/RISC-V_Embedded_GCC/bin/../lib/gcc/riscv-none-embed/8.2.0/rv32imac/ilp32/libgcc.a(muldf3.o)
 .bss           0x0000000020000044        0x0 /home/trang/ch32x035/tools/MRS_Toolchain_Linux_x64_V1.92/RISC-V_Embedded_GCC/bin/../lib/gcc/riscv-none-embed/8.2.0/rv32imac/ilp32/libgcc.a(subdf3.o)
 .bss           0x0000000020000044        0x0 /home/trang/ch32x035/tools/MRS_Toolchain_Linux_x64_V1.92/RISC-V_Embedded_GCC/bin/../lib/gcc/riscv-none-embed/8.2.0/rv32imac/ilp32/libgcc.a(unorddf2.o)
 .bss           0x0000000020000044        0x0 /home/trang/ch32x035/tools/MRS_Toolchain_Linux_x64_V1.92/RISC-V_Embedded_GCC/bin/../lib/gcc/riscv-none-embed/8.2.0/rv32imac/ilp32/libgcc.a(fixdfsi.o)
 .bss           0x0000000020000044        0x0 /home/trang/ch32x035/tools/MRS_Toolchain_Linux_x64_V1.92/RISC-V_Embedded_GCC/bin/../lib/gcc/riscv-none-embed/8.2.0/rv32imac/ilp32/libgcc.a(floatsidf.o)
 .bss           0x0000000020000044        0x0 /home/trang/ch32x035/tools/MRS_Toolchain_Linux_x64_V1.92/RISC-V_Embedded_GCC/bin/../lib/gcc/riscv-none-embed/8.2.0/rv32imac/ilp32/libgcc.a(_clz.o)
 .bss           0x0000000020000044        0x0 /home/trang/ch32x035/tools/MRS_Toolchain_Linux_x64_V1.92/RISC-V_Embedded_GCC/bin/../lib/gcc/riscv-none-embed/8.2.0/rv32imac/ilp32/libgcc.a(_clzsi2.o)
 .bss           0x0000000020000044        0x0 /home/trang/ch32x035/tools/MRS_Toolchain_Linux_x64_V1.92/RISC-V_Embedded_GCC/riscv-none-embed/lib/rv32imac/ilp32/libc.a(lib_a-strlen.o)
 *(.gnu.linkonce.b.*)
 *(COMMON*)
 COMMON         0x0000000020000044        0x4 build_CH32x035_Sample/xprintf.o
                0x0000000020000044                xfunc_output
                0x0000000020000048                . = ALIGN (0x4)
                0x0000000020000048                PROVIDE (_ebss = .)
                [!provide]                        PROVIDE (_end = _ebss)
                [!provide]                        PROVIDE (end = .)

.stack          0x0000000020003800      0x800
                [!provide]                        PROVIDE (_heap_end = .)
                0x0000000020003800                . = ALIGN (0x4)
                [!provide]                        PROVIDE (_susrstack = .)
                0x0000000020004000                . = (. + __stack_size)
 *fill*         0x0000000020003800      0x800 
                0x0000000020004000                PROVIDE (_eusrstack = .)
LOAD /home/trang/ch32x035/tools/MRS_Toolchain_Linux_x64_V1.92/RISC-V_Embedded_GCC/riscv-none-embed/lib/rv32imac/ilp32/libc.a
LOAD /home/trang/ch32x035/tools/MRS_Toolchain_Linux_x64_V1.92/RISC-V_Embedded_GCC/riscv-none-embed/lib/rv32imac/ilp32/libm.a
OUTPUT(build_CH32x035_Sample/CH32x035_Sample.elf elf32-littleriscv)

.debug_info     0x0000000000000000     0x9974
 .debug_info    0x0000000000000000      0x389 build_CH32x035_Sample/core_riscv.o
 .debug_info    0x0000000000000389      0x297 build_CH32x035_Sample/system_ch32x035.o
 .debug_info    0x0000000000000620      0xcde build_CH32x035_Sample/ch32x035_adc.o
 .debug_info    0x00000000000012fe      0x1a1 build_CH32x035_Sample/ch32x035_awu.o
 .debug_info    0x000000000000149f      0x18d build_CH32x035_Sample/ch32x035_dbgmcu.o
 .debug_info    0x000000000000162c      0x47e build_CH32x035_Sample/ch32x035_dma.o
 .debug_info    0x0000000000001aaa      0x357 build_CH32x035_Sample/ch32x035_exti.o
 .debug_info    0x0000000000001e01      0x762 build_CH32x035_Sample/ch32x035_flash.o
 .debug_info    0x0000000000002563      0x71b build_CH32x035_Sample/ch32x035_gpio.o
 .debug_info    0x0000000000002c7e      0xb11 build_CH32x035_Sample/ch32x035_i2c.o
 .debug_info    0x000000000000378f      0x201 build_CH32x035_Sample/ch32x035_iwdg.o
 .debug_info    0x0000000000003990      0x69f build_CH32x035_Sample/ch32x035_misc.o
 .debug_info    0x000000000000402f      0x7f5 build_CH32x035_Sample/ch32x035_opa.o
 .debug_info    0x0000000000004824      0x529 build_CH32x035_Sample/ch32x035_pwr.o
 .debug_info    0x0000000000004d4d      0x4ea build_CH32x035_Sample/ch32x035_rcc.o
 .debug_info    0x0000000000005237      0x78a build_CH32x035_Sample/ch32x035_spi.o
 .debug_info    0x00000000000059c1     0x1f34 build_CH32x035_Sample/ch32x035_tim.o
 .debug_info    0x00000000000078f5      0x9c9 build_CH32x035_Sample/ch32x035_usart.o
 .debug_info    0x00000000000082be      0x233 build_CH32x035_Sample/ch32x035_wwdg.o
 .debug_info    0x00000000000084f1      0xd66 build_CH32x035_Sample/xprintf.o
 .debug_info    0x0000000000009257      0x3da build_CH32x035_Sample/bsp_cfg.o
 .debug_info    0x0000000000009631      0x321 build_CH32x035_Sample/main.o
 .debug_info    0x0000000000009952       0x22 build_CH32x035_Sample/startup_ch32x035.o

.debug_abbrev   0x0000000000000000     0x2268
 .debug_abbrev  0x0000000000000000       0xe0 build_CH32x035_Sample/core_riscv.o
 .debug_abbrev  0x00000000000000e0      0x136 build_CH32x035_Sample/system_ch32x035.o
 .debug_abbrev  0x0000000000000216      0x182 build_CH32x035_Sample/ch32x035_adc.o
 .debug_abbrev  0x0000000000000398       0xf6 build_CH32x035_Sample/ch32x035_awu.o
 .debug_abbrev  0x000000000000048e      0x10d build_CH32x035_Sample/ch32x035_dbgmcu.o
 .debug_abbrev  0x000000000000059b      0x173 build_CH32x035_Sample/ch32x035_dma.o
 .debug_abbrev  0x000000000000070e      0x128 build_CH32x035_Sample/ch32x035_exti.o
 .debug_abbrev  0x0000000000000836      0x251 build_CH32x035_Sample/ch32x035_flash.o
 .debug_abbrev  0x0000000000000a87      0x1f8 build_CH32x035_Sample/ch32x035_gpio.o
 .debug_abbrev  0x0000000000000c7f      0x182 build_CH32x035_Sample/ch32x035_i2c.o
 .debug_abbrev  0x0000000000000e01      0x128 build_CH32x035_Sample/ch32x035_iwdg.o
 .debug_abbrev  0x0000000000000f29      0x1d3 build_CH32x035_Sample/ch32x035_misc.o
 .debug_abbrev  0x00000000000010fc      0x1a8 build_CH32x035_Sample/ch32x035_opa.o
 .debug_abbrev  0x00000000000012a4      0x1ec build_CH32x035_Sample/ch32x035_pwr.o
 .debug_abbrev  0x0000000000001490      0x1aa build_CH32x035_Sample/ch32x035_rcc.o
 .debug_abbrev  0x000000000000163a      0x1a2 build_CH32x035_Sample/ch32x035_spi.o
 .debug_abbrev  0x00000000000017dc      0x1dc build_CH32x035_Sample/ch32x035_tim.o
 .debug_abbrev  0x00000000000019b8      0x1b1 build_CH32x035_Sample/ch32x035_usart.o
 .debug_abbrev  0x0000000000001b69      0x135 build_CH32x035_Sample/ch32x035_wwdg.o
 .debug_abbrev  0x0000000000001c9e      0x2f8 build_CH32x035_Sample/xprintf.o
 .debug_abbrev  0x0000000000001f96      0x158 build_CH32x035_Sample/bsp_cfg.o
 .debug_abbrev  0x00000000000020ee      0x168 build_CH32x035_Sample/main.o
 .debug_abbrev  0x0000000000002256       0x12 build_CH32x035_Sample/startup_ch32x035.o

.debug_aranges  0x0000000000000000      0x2f0
 .debug_aranges
                0x0000000000000000       0x20 build_CH32x035_Sample/core_riscv.o
 .debug_aranges
                0x0000000000000020       0x20 build_CH32x035_Sample/system_ch32x035.o
 .debug_aranges
                0x0000000000000040       0x20 build_CH32x035_Sample/ch32x035_adc.o
 .debug_aranges
                0x0000000000000060       0x20 build_CH32x035_Sample/ch32x035_awu.o
 .debug_aranges
                0x0000000000000080       0x20 build_CH32x035_Sample/ch32x035_dbgmcu.o
 .debug_aranges
                0x00000000000000a0       0x20 build_CH32x035_Sample/ch32x035_dma.o
 .debug_aranges
                0x00000000000000c0       0x20 build_CH32x035_Sample/ch32x035_exti.o
 .debug_aranges
                0x00000000000000e0       0x20 build_CH32x035_Sample/ch32x035_flash.o
 .debug_aranges
                0x0000000000000100       0x20 build_CH32x035_Sample/ch32x035_gpio.o
 .debug_aranges
                0x0000000000000120       0x20 build_CH32x035_Sample/ch32x035_i2c.o
 .debug_aranges
                0x0000000000000140       0x20 build_CH32x035_Sample/ch32x035_iwdg.o
 .debug_aranges
                0x0000000000000160       0x20 build_CH32x035_Sample/ch32x035_misc.o
 .debug_aranges
                0x0000000000000180       0x20 build_CH32x035_Sample/ch32x035_opa.o
 .debug_aranges
                0x00000000000001a0       0x20 build_CH32x035_Sample/ch32x035_pwr.o
 .debug_aranges
                0x00000000000001c0       0x20 build_CH32x035_Sample/ch32x035_rcc.o
 .debug_aranges
                0x00000000000001e0       0x20 build_CH32x035_Sample/ch32x035_spi.o
 .debug_aranges
                0x0000000000000200       0x20 build_CH32x035_Sample/ch32x035_tim.o
 .debug_aranges
                0x0000000000000220       0x20 build_CH32x035_Sample/ch32x035_usart.o
 .debug_aranges
                0x0000000000000240       0x20 build_CH32x035_Sample/ch32x035_wwdg.o
 .debug_aranges
                0x0000000000000260       0x20 build_CH32x035_Sample/xprintf.o
 .debug_aranges
                0x0000000000000280       0x20 build_CH32x035_Sample/bsp_cfg.o
 .debug_aranges
                0x00000000000002a0       0x20 build_CH32x035_Sample/main.o
 .debug_aranges
                0x00000000000002c0       0x30 build_CH32x035_Sample/startup_ch32x035.o

.debug_line     0x0000000000000000     0xa3c1
 .debug_line    0x0000000000000000      0x348 build_CH32x035_Sample/core_riscv.o
 .debug_line    0x0000000000000348      0x24a build_CH32x035_Sample/system_ch32x035.o
 .debug_line    0x0000000000000592      0xdb4 build_CH32x035_Sample/ch32x035_adc.o
 .debug_line    0x0000000000001346      0x24c build_CH32x035_Sample/ch32x035_awu.o
 .debug_line    0x0000000000001592      0x25f build_CH32x035_Sample/ch32x035_dbgmcu.o
 .debug_line    0x00000000000017f1      0x57b build_CH32x035_Sample/ch32x035_dma.o
 .debug_line    0x0000000000001d6c      0x4d9 build_CH32x035_Sample/ch32x035_exti.o
 .debug_line    0x0000000000002245      0xd26 build_CH32x035_Sample/ch32x035_flash.o
 .debug_line    0x0000000000002f6b      0xc13 build_CH32x035_Sample/ch32x035_gpio.o
 .debug_line    0x0000000000003b7e      0xa52 build_CH32x035_Sample/ch32x035_i2c.o
 .debug_line    0x00000000000045d0      0x279 build_CH32x035_Sample/ch32x035_iwdg.o
 .debug_line    0x0000000000004849      0x532 build_CH32x035_Sample/ch32x035_misc.o
 .debug_line    0x0000000000004d7b      0x8a9 build_CH32x035_Sample/ch32x035_opa.o
 .debug_line    0x0000000000005624      0x3ad build_CH32x035_Sample/ch32x035_pwr.o
 .debug_line    0x00000000000059d1      0x5a7 build_CH32x035_Sample/ch32x035_rcc.o
 .debug_line    0x0000000000005f78      0x67d build_CH32x035_Sample/ch32x035_spi.o
 .debug_line    0x00000000000065f5     0x1beb build_CH32x035_Sample/ch32x035_tim.o
 .debug_line    0x00000000000081e0      0x9cf build_CH32x035_Sample/ch32x035_usart.o
 .debug_line    0x0000000000008baf      0x2eb build_CH32x035_Sample/ch32x035_wwdg.o
 .debug_line    0x0000000000008e9a      0xdab build_CH32x035_Sample/xprintf.o
 .debug_line    0x0000000000009c45      0x2b6 build_CH32x035_Sample/bsp_cfg.o
 .debug_line    0x0000000000009efb      0x297 build_CH32x035_Sample/main.o
 .debug_line    0x000000000000a192      0x22f build_CH32x035_Sample/startup_ch32x035.o

.debug_str      0x0000000000000000     0x4097
 .debug_str     0x0000000000000000      0x1b4 build_CH32x035_Sample/core_riscv.o
                                        0x1fe (size before relaxing)
 .debug_str     0x00000000000001b4      0x120 build_CH32x035_Sample/system_ch32x035.o
                                        0x22c (size before relaxing)
 .debug_str     0x00000000000002d4      0x60b build_CH32x035_Sample/ch32x035_adc.o
                                        0x765 (size before relaxing)
 .debug_str     0x00000000000008df       0x7c build_CH32x035_Sample/ch32x035_awu.o
                                        0x1b7 (size before relaxing)
 .debug_str     0x000000000000095b       0x9e build_CH32x035_Sample/ch32x035_dbgmcu.o
                                        0x1c1 (size before relaxing)
 .debug_str     0x00000000000009f9      0x214 build_CH32x035_Sample/ch32x035_dma.o
                                        0x36e (size before relaxing)
 .debug_str     0x0000000000000c0d      0x1bd build_CH32x035_Sample/ch32x035_exti.o
                                        0x308 (size before relaxing)
 .debug_str     0x0000000000000dca      0x3ad build_CH32x035_Sample/ch32x035_flash.o
                                        0x55b (size before relaxing)
 .debug_str     0x0000000000001177      0x2f2 build_CH32x035_Sample/ch32x035_gpio.o
                                        0x499 (size before relaxing)
 .debug_str     0x0000000000001469      0x422 build_CH32x035_Sample/ch32x035_i2c.o
                                        0x5f3 (size before relaxing)
 .debug_str     0x000000000000188b       0xd9 build_CH32x035_Sample/ch32x035_iwdg.o
                                        0x21a (size before relaxing)
 .debug_str     0x0000000000001964      0x411 build_CH32x035_Sample/ch32x035_misc.o
                                        0x593 (size before relaxing)
 .debug_str     0x0000000000001d75      0x5fc build_CH32x035_Sample/ch32x035_opa.o
                                        0x76b (size before relaxing)
 .debug_str     0x0000000000002371      0x101 build_CH32x035_Sample/ch32x035_pwr.o
                                        0x304 (size before relaxing)
 .debug_str     0x0000000000002472      0x1af build_CH32x035_Sample/ch32x035_rcc.o
                                        0x3cb (size before relaxing)
 .debug_str     0x0000000000002621      0x2aa build_CH32x035_Sample/ch32x035_spi.o
                                        0x49d (size before relaxing)
 .debug_str     0x00000000000028cb      0xc69 build_CH32x035_Sample/ch32x035_tim.o
                                        0xe9e (size before relaxing)
 .debug_str     0x0000000000003534      0x3e5 build_CH32x035_Sample/ch32x035_usart.o
                                        0x614 (size before relaxing)
 .debug_str     0x0000000000003919       0xcb build_CH32x035_Sample/ch32x035_wwdg.o
                                        0x216 (size before relaxing)
 .debug_str     0x00000000000039e4      0x4de build_CH32x035_Sample/xprintf.o
                                        0x5e5 (size before relaxing)
 .debug_str     0x0000000000003ec2       0x58 build_CH32x035_Sample/bsp_cfg.o
                                        0x383 (size before relaxing)
 .debug_str     0x0000000000003f1a      0x14a build_CH32x035_Sample/main.o
                                        0x380 (size before relaxing)
 .debug_str     0x0000000000004064       0x33 build_CH32x035_Sample/startup_ch32x035.o
                                         0x48 (size before relaxing)

.comment        0x0000000000000000       0x33
 .comment       0x0000000000000000       0x33 build_CH32x035_Sample/core_riscv.o
                                         0x34 (size before relaxing)
 .comment       0x0000000000000033       0x34 build_CH32x035_Sample/system_ch32x035.o
 .comment       0x0000000000000033       0x34 build_CH32x035_Sample/ch32x035_adc.o
 .comment       0x0000000000000033       0x34 build_CH32x035_Sample/ch32x035_awu.o
 .comment       0x0000000000000033       0x34 build_CH32x035_Sample/ch32x035_dbgmcu.o
 .comment       0x0000000000000033       0x34 build_CH32x035_Sample/ch32x035_dma.o
 .comment       0x0000000000000033       0x34 build_CH32x035_Sample/ch32x035_exti.o
 .comment       0x0000000000000033       0x34 build_CH32x035_Sample/ch32x035_flash.o
 .comment       0x0000000000000033       0x34 build_CH32x035_Sample/ch32x035_gpio.o
 .comment       0x0000000000000033       0x34 build_CH32x035_Sample/ch32x035_i2c.o
 .comment       0x0000000000000033       0x34 build_CH32x035_Sample/ch32x035_iwdg.o
 .comment       0x0000000000000033       0x34 build_CH32x035_Sample/ch32x035_misc.o
 .comment       0x0000000000000033       0x34 build_CH32x035_Sample/ch32x035_opa.o
 .comment       0x0000000000000033       0x34 build_CH32x035_Sample/ch32x035_pwr.o
 .comment       0x0000000000000033       0x34 build_CH32x035_Sample/ch32x035_rcc.o
 .comment       0x0000000000000033       0x34 build_CH32x035_Sample/ch32x035_spi.o
 .comment       0x0000000000000033       0x34 build_CH32x035_Sample/ch32x035_tim.o
 .comment       0x0000000000000033       0x34 build_CH32x035_Sample/ch32x035_usart.o
 .comment       0x0000000000000033       0x34 build_CH32x035_Sample/ch32x035_wwdg.o
 .comment       0x0000000000000033       0x34 build_CH32x035_Sample/xprintf.o
 .comment       0x0000000000000033       0x34 build_CH32x035_Sample/bsp_cfg.o
 .comment       0x0000000000000033       0x34 build_CH32x035_Sample/main.o

.debug_frame    0x0000000000000000     0x3354
 .debug_frame   0x0000000000000000      0x270 build_CH32x035_Sample/core_riscv.o
 .debug_frame   0x0000000000000270       0x98 build_CH32x035_Sample/system_ch32x035.o
 .debug_frame   0x0000000000000308      0x4bc build_CH32x035_Sample/ch32x035_adc.o
 .debug_frame   0x00000000000007c4       0x70 build_CH32x035_Sample/ch32x035_awu.o
 .debug_frame   0x0000000000000834       0xd4 build_CH32x035_Sample/ch32x035_dbgmcu.o
 .debug_frame   0x0000000000000908      0x174 build_CH32x035_Sample/ch32x035_dma.o
 .debug_frame   0x0000000000000a7c      0x114 build_CH32x035_Sample/ch32x035_exti.o
 .debug_frame   0x0000000000000b90      0x3bc build_CH32x035_Sample/ch32x035_flash.o
 .debug_frame   0x0000000000000f4c      0x228 build_CH32x035_Sample/ch32x035_gpio.o
 .debug_frame   0x0000000000001174      0x41c build_CH32x035_Sample/ch32x035_i2c.o
 .debug_frame   0x0000000000001590       0xd0 build_CH32x035_Sample/ch32x035_iwdg.o
 .debug_frame   0x0000000000001660       0x54 build_CH32x035_Sample/ch32x035_misc.o
 .debug_frame   0x00000000000016b4      0x1d8 build_CH32x035_Sample/ch32x035_opa.o
 .debug_frame   0x000000000000188c       0xd8 build_CH32x035_Sample/ch32x035_pwr.o
 .debug_frame   0x0000000000001964      0x1d0 build_CH32x035_Sample/ch32x035_rcc.o
 .debug_frame   0x0000000000001b34      0x294 build_CH32x035_Sample/ch32x035_spi.o
 .debug_frame   0x0000000000001dc8      0xc34 build_CH32x035_Sample/ch32x035_tim.o
 .debug_frame   0x00000000000029fc      0x37c build_CH32x035_Sample/ch32x035_usart.o
 .debug_frame   0x0000000000002d78      0x114 build_CH32x035_Sample/ch32x035_wwdg.o
 .debug_frame   0x0000000000002e8c      0x1e0 build_CH32x035_Sample/xprintf.o
 .debug_frame   0x000000000000306c       0x58 build_CH32x035_Sample/bsp_cfg.o
 .debug_frame   0x00000000000030c4       0x4c build_CH32x035_Sample/main.o
 .debug_frame   0x0000000000003110       0x44 /home/trang/ch32x035/tools/MRS_Toolchain_Linux_x64_V1.92/RISC-V_Embedded_GCC/bin/../lib/gcc/riscv-none-embed/8.2.0/rv32imac/ilp32/libgcc.a(adddf3.o)
 .debug_frame   0x0000000000003154       0x50 /home/trang/ch32x035/tools/MRS_Toolchain_Linux_x64_V1.92/RISC-V_Embedded_GCC/bin/../lib/gcc/riscv-none-embed/8.2.0/rv32imac/ilp32/libgcc.a(divdf3.o)
 .debug_frame   0x00000000000031a4       0x20 /home/trang/ch32x035/tools/MRS_Toolchain_Linux_x64_V1.92/RISC-V_Embedded_GCC/bin/../lib/gcc/riscv-none-embed/8.2.0/rv32imac/ilp32/libgcc.a(eqdf2.o)
 .debug_frame   0x00000000000031c4       0x20 /home/trang/ch32x035/tools/MRS_Toolchain_Linux_x64_V1.92/RISC-V_Embedded_GCC/bin/../lib/gcc/riscv-none-embed/8.2.0/rv32imac/ilp32/libgcc.a(gedf2.o)
 .debug_frame   0x00000000000031e4       0x20 /home/trang/ch32x035/tools/MRS_Toolchain_Linux_x64_V1.92/RISC-V_Embedded_GCC/bin/../lib/gcc/riscv-none-embed/8.2.0/rv32imac/ilp32/libgcc.a(ledf2.o)
 .debug_frame   0x0000000000003204       0x54 /home/trang/ch32x035/tools/MRS_Toolchain_Linux_x64_V1.92/RISC-V_Embedded_GCC/bin/../lib/gcc/riscv-none-embed/8.2.0/rv32imac/ilp32/libgcc.a(muldf3.o)
 .debug_frame   0x0000000000003258       0x44 /home/trang/ch32x035/tools/MRS_Toolchain_Linux_x64_V1.92/RISC-V_Embedded_GCC/bin/../lib/gcc/riscv-none-embed/8.2.0/rv32imac/ilp32/libgcc.a(subdf3.o)
 .debug_frame   0x000000000000329c       0x20 /home/trang/ch32x035/tools/MRS_Toolchain_Linux_x64_V1.92/RISC-V_Embedded_GCC/bin/../lib/gcc/riscv-none-embed/8.2.0/rv32imac/ilp32/libgcc.a(unorddf2.o)
 .debug_frame   0x00000000000032bc       0x20 /home/trang/ch32x035/tools/MRS_Toolchain_Linux_x64_V1.92/RISC-V_Embedded_GCC/bin/../lib/gcc/riscv-none-embed/8.2.0/rv32imac/ilp32/libgcc.a(fixdfsi.o)
 .debug_frame   0x00000000000032dc       0x38 /home/trang/ch32x035/tools/MRS_Toolchain_Linux_x64_V1.92/RISC-V_Embedded_GCC/bin/../lib/gcc/riscv-none-embed/8.2.0/rv32imac/ilp32/libgcc.a(floatsidf.o)
 .debug_frame   0x0000000000003314       0x20 /home/trang/ch32x035/tools/MRS_Toolchain_Linux_x64_V1.92/RISC-V_Embedded_GCC/bin/../lib/gcc/riscv-none-embed/8.2.0/rv32imac/ilp32/libgcc.a(_clzsi2.o)
 .debug_frame   0x0000000000003334       0x20 /home/trang/ch32x035/tools/MRS_Toolchain_Linux_x64_V1.92/RISC-V_Embedded_GCC/riscv-none-embed/lib/rv32imac/ilp32/libc.a(lib_a-strlen.o)

.debug_ranges   0x0000000000000000       0x28
 .debug_ranges  0x0000000000000000       0x28 build_CH32x035_Sample/startup_ch32x035.o
